
> next-template@0.1.0 build C:\Users\Izam\Downloads\mafgems\mafgems
> next build

node.exe :  ΓÜá Mismatching @next/swc version, detected: 15.5.7 while Next.js 
is on 15.5.11. Please ensure these match
At C:\Users\Izam\AppData\Roaming\npm\pnpm.ps1:24 char:5
+     & "node$exe"  "$basedir/node_modules/pnpm/bin/pnpm.cjs" $args
+     ~~~~~~~~~~~~~~~~~~~~~~~~~~~~~~~~~~~~~~~~~~~~~~~~~~~~~~~~~~~~~
    + CategoryInfo          : NotSpecified: ( ΓÜá Mismatchin...ure these match 
   :String) [], RemoteException
    + FullyQualifiedErrorId : NativeCommandError
 
 ΓÜá Warning: Next.js inferred your workspace root, but it may not be correct.
 We detected multiple lockfiles and selected the directory of 
C:\Users\Izam\Downloads\mafgems\pnpm-lock.yaml as the root directory.
 To silence this warning, set `outputFileTracingRoot` in your Next.js config, 
or consider removing one of the lockfiles if it's not needed.
   See 
https://nextjs.org/docs/app/api-reference/config/next-config-js/output#caveats 
for more information.
 Detected additional lockfiles: 
   * C:\Users\Izam\Downloads\mafgems\mafgems\pnpm-lock.yaml

   Γû▓ Next.js 15.5.11
   - Environments: .env.local

   Creating an optimized production build ...
 ΓÜá Mismatching @next/swc version, detected: 15.5.7 while Next.js is on 
15.5.11. Please ensure these match
 ΓÜá Mismatching @next/swc version, detected: 15.5.7 while Next.js is on 
15.5.11. Please ensure these match
 ΓÜá Mismatching @next/swc version, detected: 15.5.7 while Next.js is on 
15.5.11. Please ensure these match
 Γ£ô Compiled successfully in 23.3s
   Linting and checking validity of types ...
Failed to compile.

./src/app/api/generate-presentation/route.ts:250:54
Type error: Type 'undefined' cannot be used as an index type.

[0m [90m 248 |[39m       [90m// Generic parameters for other workflows[39m
 [90m 249 |[39m       
formData[33m.[39mappend([32m"jewelry_type"[39m[33m,[39m 
body[33m.[39mjewelryType)[33m;[39m
[31m[1m>[22m[39m[90m 250 |[39m       
formData[33m.[39mappend([32m"model_profile"[39m[33m,[39m 
modelProfiles[body[33m.[39mmodelProfile] [33m||[39m 
body[33m.[39mmodelProfile)[33m;[39m
 [90m     |[39m                                                      
[31m[1m^[22m[39m
 [90m 251 |[39m       
formData[33m.[39mappend([32m"background_style"[39m[33m,[39m 
backgrounds[body[33m.[39mbackground] [33m||[39m 
body[33m.[39mbackground)[33m;[39m
 [90m 252 |[39m       
formData[33m.[39mappend([32m"output_format"[39m[33m,[39m 
body[33m.[39moutputFormat)[33m;[39m
 [90m 253 |[39m       
formData[33m.[39mappend([32m"style_reference"[39m[33m,[39m 
body[33m.[39mstyleReference)[33m;[39m[0m
Next.js build worker exited with code: 1 and signal: null
ΓÇëELIFECYCLEΓÇë Command failed with exit code 1.
